(node:56020) [DEP0169] DeprecationWarning: `url.parse()` behavior is not standardized and prone to errors that have security implications. Use the WHATWG URL API instead. CVEs are not issued for `url.parse()` vulnerabilities.
(Use `node --trace-deprecation ...` to show where the warning was created)
Progress: resolved 1, reused 0, downloaded 0, added 0
Progress: resolved 21, reused 14, downloaded 1, added 0
Progress: resolved 21, reused 14, downloaded 4, added 0
Progress: resolved 194, reused 161, downloaded 7, added 0
Progress: resolved 370, reused 340, downloaded 9, added 0
Progress: resolved 382, reused 345, downloaded 10, added 0
Progress: resolved 393, reused 348, downloaded 15, added 0
Progress: resolved 401, reused 352, downloaded 22, added 0
Progress: resolved 406, reused 353, downloaded 24, added 0
Progress: resolved 418, reused 356, downloaded 29, added 0
Progress: resolved 421, reused 357, downloaded 36, added 0
Progress: resolved 426, reused 362, downloaded 40, added 0
Progress: resolved 435, reused 370, downloaded 43, added 0
Progress: resolved 441, reused 375, downloaded 43, added 0
Progress: resolved 476, reused 410, downloaded 43, added 0
Progress: resolved 479, reused 412, downloaded 43, added 0
Progress: resolved 483, reused 416, downloaded 45, added 0
Progress: resolved 494, reused 424, downloaded 46, added 0
Progress: resolved 498, reused 428, downloaded 46, added 0
Progress: resolved 500, reused 430, downloaded 46, added 0
Progress: resolved 503, reused 431, downloaded 47, added 0
Progress: resolved 505, reused 432, downloaded 49, added 0
Progress: resolved 516, reused 440, downloaded 50, added 0
Progress: resolved 521, reused 444, downloaded 51, added 0
Progress: resolved 539, reused 451, downloaded 56, added 0
Progress: resolved 543, reused 454, downloaded 61, added 0
Progress: resolved 549, reused 460, downloaded 63, added 0
Progress: resolved 556, reused 467, downloaded 64, added 0
Progress: resolved 566, reused 476, downloaded 67, added 0
Progress: resolved 580, reused 490, downloaded 67, added 0
Progress: resolved 605, reused 512, downloaded 67, added 0
Progress: resolved 620, reused 526, downloaded 68, added 0
Progress: resolved 630, reused 533, downloaded 69, added 0
Progress: resolved 640, reused 543, downloaded 72, added 0
Progress: resolved 664, reused 560, downloaded 73, added 0
Progress: resolved 672, reused 563, downloaded 80, added 0
Progress: resolved 694, reused 573, downloaded 90, added 0
Progress: resolved 716, reused 595, downloaded 94, added 0
Progress: resolved 732, reused 604, downloaded 98, added 0
Progress: resolved 747, reused 617, downloaded 102, added 0
Progress: resolved 756, reused 625, downloaded 103, added 0
Progress: resolved 804, reused 659, downloaded 105, added 0
Progress: resolved 829, reused 677, downloaded 106, added 0
Progress: resolved 842, reused 686, downloaded 115, added 0
Progress: resolved 855, reused 695, downloaded 116, added 0
Progress: resolved 868, reused 705, downloaded 122, added 0
Progress: resolved 875, reused 705, downloaded 122, added 0
Progress: resolved 902, reused 714, downloaded 125, added 0
Progress: resolved 910, reused 720, downloaded 126, added 0
Progress: resolved 922, reused 728, downloaded 127, added 0
Progress: resolved 944, reused 748, downloaded 130, added 0
Progress: resolved 968, reused 758, downloaded 133, added 0
Progress: resolved 977, reused 759, downloaded 139, added 0
Progress: resolved 978, reused 760, downloaded 142, added 0
Progress: resolved 983, reused 765, downloaded 144, added 0
Progress: resolved 996, reused 774, downloaded 148, added 0
Progress: resolved 1010, reused 785, downloaded 152, added 0
Progress: resolved 1020, reused 794, downloaded 154, added 0
Progress: resolved 1030, reused 804, downloaded 154, added 0
Progress: resolved 1042, reused 813, downloaded 157, added 0
Progress: resolved 1055, reused 824, downloaded 163, added 0
Progress: resolved 1092, reused 861, downloaded 164, added 0
Progress: resolved 1097, reused 866, downloaded 164, added 0
Progress: resolved 1120, reused 888, downloaded 165, added 0
Progress: resolved 1131, reused 893, downloaded 166, added 0
Progress: resolved 1137, reused 894, downloaded 171, added 0
Progress: resolved 1148, reused 896, downloaded 182, added 0
Progress: resolved 1154, reused 896, downloaded 185, added 0
Progress: resolved 1165, reused 898, downloaded 195, added 0
Progress: resolved 1174, reused 898, downloaded 201, added 0
Progress: resolved 1183, reused 898, downloaded 209, added 0
Progress: resolved 1192, reused 898, downloaded 219, added 0
Progress: resolved 1202, reused 898, downloaded 231, added 0
Progress: resolved 1212, reused 903, downloaded 237, added 0
Progress: resolved 1230, reused 915, downloaded 242, added 0
Progress: resolved 1255, reused 931, downloaded 246, added 0
Progress: resolved 1267, reused 941, downloaded 255, added 0
Progress: resolved 1289, reused 961, downloaded 256, added 0
Progress: resolved 1311, reused 975, downloaded 263, added 0
Progress: resolved 1336, reused 993, downloaded 268, added 0
Progress: resolved 1347, reused 1002, downloaded 271, added 0
Progress: resolved 1368, reused 1013, downloaded 273, added 0
Progress: resolved 1410, reused 1049, downloaded 285, added 0
Progress: resolved 1420, reused 1053, downloaded 287, added 0
Progress: resolved 1422, reused 1053, downloaded 290, added 0
Progress: resolved 1431, reused 1057, downloaded 296, added 0
Progress: resolved 1443, reused 1059, downloaded 303, added 0
Progress: resolved 1450, reused 1059, downloaded 310, added 0
Progress: resolved 1486, reused 1084, downloaded 322, added 0
Progress: resolved 1509, reused 1100, downloaded 333, added 0
Progress: resolved 1513, reused 1103, downloaded 334, added 0
Progress: resolved 1526, reused 1106, downloaded 336, added 0
Progress: resolved 1536, reused 1110, downloaded 344, added 0
Progress: resolved 1552, reused 1122, downloaded 354, added 0
Progress: resolved 1585, reused 1154, downloaded 355, added 0
Progress: resolved 1608, reused 1176, downloaded 356, added 0
Progress: resolved 1631, reused 1188, downloaded 361, added 0
Progress: resolved 1648, reused 1201, downloaded 368, added 0
Progress: resolved 1663, reused 1215, downloaded 369, added 0
Progress: resolved 1682, reused 1230, downloaded 373, added 0
Progress: resolved 1749, reused 1287, downloaded 377, added 0
Progress: resolved 1761, reused 1298, downloaded 383, added 0
Progress: resolved 1787, reused 1315, downloaded 388, added 0
Progress: resolved 1824, reused 1345, downloaded 396, added 0
Progress: resolved 1866, reused 1381, downloaded 403, added 0
Progress: resolved 1875, reused 1389, downloaded 410, added 0
Progress: resolved 1885, reused 1400, downloaded 423, added 0
Progress: resolved 1892, reused 1407, downloaded 424, added 0
Progress: resolved 1892, reused 1407, downloaded 426, added 0
Progress: resolved 1893, reused 1408, downloaded 427, added 0
Progress: resolved 1894, reused 1408, downloaded 427, added 0
 WARN  10 deprecated subdependencies found: @babel/plugin-proposal-object-rest-spread@7.12.1, glob@11.0.3, glob@7.2.3, inflight@1.0.6, rimraf@3.0.2, source-map@0.8.0-beta.0, stable@0.1.8, trim@0.0.1, uuid@8.3.2, whatwg-encoding@3.1.1
Packages: +553 -55
++++++++++++++++++++++++++++++++++++++++++++++++++++++++++++++++++++++++--------
Progress: resolved 1895, reused 1410, downloaded 427, added 144
Progress: resolved 1895, reused 1410, downloaded 427, added 439
Progress: resolved 1895, reused 1410, downloaded 428, added 526
Progress: resolved 1895, reused 1410, downloaded 428, added 529, done

dependencies:
- @docusaurus/core 2.0.1
+ @docusaurus/core 3.10.2
- @docusaurus/plugin-content-blog 2.0.1
+ @docusaurus/plugin-content-blog 3.10.2
- @docusaurus/plugin-pwa 2.0.1
+ @docusaurus/plugin-pwa 3.10.2
- @docusaurus/preset-classic 2.0.1
+ @docusaurus/preset-classic 3.10.2
- @easyops-cn/docusaurus-search-local 0.52.1
+ @easyops-cn/docusaurus-search-local 0.55.3
- @mdx-js/react 1.6.22
+ @mdx-js/react 3.1.1
- @react-three/fiber 7.0.29
+ @react-three/fiber 8.18.0 (9.6.1 is available)
- prism-react-renderer 1.3.5
+ prism-react-renderer 2.4.1
- react 17.0.2
+ react 18.3.1 (19.2.8 is available)
- react-dom 17.0.2
+ react-dom 18.3.1 (19.2.8 is available)

devDependencies:
- @docusaurus/module-type-aliases 2.0.1
+ @docusaurus/module-type-aliases 3.10.2
- @types/react 17.0.93
+ @types/react 18.3.31 (19.3.0 is available)
- @types/react-dom 17.0.26
+ @types/react-dom 18.3.7 (19.3.0 is available)

 WARN  Issues with peer dependencies found
.
├─┬ @docusaurus/types 2.0.1
│ ├── ✕ unmet peer react@"^16.8.4 || ^17.0.0": found 18.3.1
│ └── ✕ unmet peer react-dom@"^16.8.4 || ^17.0.0": found 18.3.1
└─┬ @easyops-cn/docusaurus-search-local 0.55.3
  └─┬ @docusaurus/plugin-content-docs 2.0.1
    ├── ✕ unmet peer react@"^16.8.4 || ^17.0.0": found 18.3.1
    ├── ✕ unmet peer react-dom@"^16.8.4 || ^17.0.0": found 18.3.1
    └─┬ @docusaurus/core 2.0.1
      ├── ✕ unmet peer react@"^16.8.4 || ^17.0.0": found 18.3.1
      ├── ✕ unmet peer react-dom@"^16.8.4 || ^17.0.0": found 18.3.1
      └─┬ @docusaurus/mdx-loader 2.0.1
        ├── ✕ unmet peer react@"^16.8.4 || ^17.0.0": found 18.3.1
        └── ✕ unmet peer react-dom@"^16.8.4 || ^17.0.0": found 18.3.1

Done in 1m 57.7s using pnpm v9.15.9
